<html>
<body>
<pre>
<h1>µVision Build Log</h1>
<h2>Project:</h2>
E:\ARM_Project\STM32_Switch_STM32F103VBT\Program\Collector_STM32F103\project\STM32F103VBT.uvproj
Project File Date:  06/27/2014

<h2>Output:</h2>
Build target 'RUN IN FLASH'
assembling startup_stm32f10x_md.s...
linking...
Program Size: Code=12740 RO-data=268 RW-data=32 ZI-data=1864  
FromELF: creating hex file...
"..\obj\STM32F103VBT.axf" - 0 Errors, 0 Warning(s).
Build target 'RUN IN FLASH'
assembling startup_stm32f10x_md.s...
linking...
Program Size: Code=12740 RO-data=268 RW-data=32 ZI-data=1864  
FromELF: creating hex file...
"..\obj\STM32F103VBT.axf" - 0 Errors, 0 Warning(s).
Rebuild target 'RUN IN FLASH'
assembling startup_stm32f10x_md.s...
compiling main.c...
compiling system_stm32f10x.c...
compiling stm32f10x_gpio.c...
compiling stm32f10x_rcc.c...
compiling stm32f10x_usart.c...
compiling stm32f10x_exti.c...
compiling misc.c...
compiling stm32f10x_it.c...
compiling stm32f10x_tim.c...
compiling stm32f10x_adc.c...
linking...
Program Size: Code=12740 RO-data=268 RW-data=32 ZI-data=1864  
FromELF: creating hex file...
"..\obj\STM32F103VBT.axf" - 0 Errors, 0 Warning(s).
Build target 'RUN IN FLASH'
assembling startup_stm32f10x_md.s...
linking...
Program Size: Code=12740 RO-data=268 RW-data=32 ZI-data=1864  
FromELF: creating hex file...
"..\obj\STM32F103VBT.axf" - 0 Errors, 0 Warning(s).
